Reading w2v text model from mini.d300.de
Size of voc: 500 Dimension: 300
Finished reading w2v model.
Reading w2v text model from mini.d300.en
Size of voc: 500 Dimension: 300
Finished reading w2v model.
Sim = 0.00430499
