From settings: 'hello'
         1         2         3         4         5         6         7         8
12345678901234567890123456789012345678901234567890123456789012345678901234567890
   Lorem Ipsum är en utfyllnadstext från tryck- och
   förlagsindustrin. Lorem ipsum har varit standard ända
   sedan 1500-talet, när en okänd boksättare tog att antal
   bokstäver och blandade dem för att göra ett provexemplar
   av en bok. Lorem ipsum har inte bara överlevt fem
   århundraden, utan även övergången till elektronisk
   typografi utan större förändringar. Det blev allmänt känt
   på 1960-talet i samband med lanseringen av Letraset-ark
   med avsnitt av Lorem Ipsum, och senare med mjukvaror som
   Aldus PageMaker.
     The Skåne town of Råå has a stream (å) with eel (ål):
   ie Råååål. Hope that is enough unicode to give a bad
   linebreak.
Reference file: '/etc/timezone'.
1
