The idf for '?' is 1.32193
The idf for 'offers' is 2
