Reading w2v text model from mini.d300.en
Size of voc: 500 Dimension: 300
Finished reading w2v model.
Learning lex weight from test_ref.en ... Done.
Reading hyp sents... Done.
Reading ref sents... Done.
Creating hyp srlgraphs... Done.
Creating ref srlgraphs... Done.
Evaluating line 1
Evaluating line 2
Evaluating line 3
Evaluating line 4
Evaluating line 5
Evaluating line 6
Evaluating line 7
Evaluating line 8
Evaluating line 9
Evaluating line 10
