0 join(s0): 
6 join(s1): France
5 join(s2): Italy
16 join(s3): French president
17 join(s4): Italian president
